CTS+2321641@LTIN478309 MINGW64 ~/GitDemo (master)
$ ls -a
./  ../  .git/  file.txt  file1.log  log/  welcome.txt

CTS+2321641@LTIN478309 MINGW64 ~/GitDemo (master)
$ touch .gitignore

CTS+2321641@LTIN478309 MINGW64 ~/GitDemo (master)
$ ls -a
./  ../  .git/  .gitignore  file.txt  file1.log  log/  welcome.txt

CTS+2321641@LTIN478309 MINGW64 ~/GitDemo (master)
$ cat .gitignore
log/
.log
CTS+2321641@LTIN478309 MINGW64 ~/GitDemo (master)
$ git add .

CTS+2321641@LTIN478309 MINGW64 ~/GitDemo (master)
$ git commit -m"added gitignore "
[master c399159] added gitignore
 1 file changed, 2 insertions(+), 2 deletions(-)

CTS+2321641@LTIN478309 MINGW64 ~/GitDemo (master)
$ git status
On branch master
nothing to commit, working tree clean

CTS+2321641@LTIN478309 MINGW64 ~/GitDemo (master)
$ git push origin master
Enumerating objects: 7, done.
Counting objects: 100% (7/7), done.
Delta compression using up to 12 threads
Compressing objects: 100% (3/3), done.
Writing objects: 100% (4/4), 486 bytes | 486.00 KiB/s, done.
Total 4 (delta 1), reused 0 (delta 0), pack-reused 0
remote: Resolving deltas: 100% (1/1), done.
To https://github.com/divyaedubilli/gitdemo.git
   31c0175..1ad5578  master -> master
